// Jest Snapshot v1, https://goo.gl/fbAQLP

exports[`<Autocomplete /> with mocked data should match the snapshot 1`] = `"<div class=\\"undefined \\"><label class=\\"undefined\\">Managers</label><input type=\\"text\\" data-active=\\"false\\" data-active-item=\\"1\\" class=\\"undefined\\" placeholder=\\"Search for Managers...\\" value=\\"\\"><div class=\\"undefined\\"></div><ul class=\\"undefined\\"><li class=\\"undefined undefined\\"><span class=\\"undefined\\">DN</span><span class=\\"undefined\\"><span class=\\"undefined\\">Dan Neciu</span><span class=\\"undefined\\">dan.neciu@fakee.com</span></span></li><li class=\\"undefined \\"><span class=\\"undefined\\">JJ</span><span class=\\"undefined\\"><span class=\\"undefined\\">Jon Nehnson</span><span class=\\"undefined\\">joe@fakee.com</span></span></li><li class=\\"undefined \\"><span class=\\"undefined\\">IJ</span><span class=\\"undefined\\"><span class=\\"undefined\\">Ion Ionescu</span><span class=\\"undefined\\">fake@fakee.com</span></span></li><li class=\\"undefined \\"><span class=\\"undefined\\">DT</span><span class=\\"undefined\\"><span class=\\"undefined\\">Donald Trump</span><span class=\\"undefined\\">donald@fakee.com</span></span></li><li class=\\"undefined \\"><span class=\\"undefined\\">JR</span><span class=\\"undefined\\"><span class=\\"undefined\\">JR Smith</span><span class=\\"undefined\\">jerry@fakee.com</span></span></li></ul></div>"`;

exports[`<Autocomplete /> with no props should match the snapshot 1`] = `"<div class=\\"undefined \\"><label class=\\"undefined\\">Default Label</label><input type=\\"text\\" data-active=\\"false\\" data-active-item=\\"1\\" class=\\"undefined\\" value=\\"\\" placeholder=\\"Default Placeholder\\"/><div class=\\"undefined\\"></div></div>"`;
